// Jest Snapshot v1, https://goo.gl/fbAQLP

exports[`VimeoFrame renders a click shield 1`] = `
<div>
  <span>
    This is a click shield for 
    <span
      class="ratio ratio-16x9 d-inline-block d-print-none"
    >
      <iframe
        allow="accelerometer; autoplay; encrypted-media; gyroscope; picture-in-picture"
        src="https://player.vimeo.com/video/validVimeoId?autoplay=1"
        title="vimeo video of validVimeoId"
      />
    </span>
  </span>
</div>
`;
