// Jest Snapshot v1, https://goo.gl/fbAQLP

exports[`invert unified patch inverts a patch correctly 1`] = `
{
  "hunks": [
    {
      "lines": [
        "+a",
        "+b",
        " c",
        " d",
        "-d",
        " e",
      ],
      "newLines": 5,
      "newStart": 1,
      "oldLines": 4,
      "oldStart": 1,
    },
  ],
  "index": undefined,
  "newFileName": "a",
  "newHeader": "2022-07-03 21:21:07.499933337 +0200",
  "oldFileName": "b",
  "oldHeader": "2022-07-03 21:22:28.650972217 +0200",
}
`;
