// Vitest Snapshot v1, https://vitest.dev/guide/snapshot.html

exports[`ApplicationErrorAlert > renders correctly 1`] = `
<div>
  <div
    class="fade _alert_663ce3 test-class alert alert-primary show"
    role="alert"
  >
    <p
      class="d-flex align-items-center"
    >
      This is a mock for "AlertIcon". Props: {"className":"_logo_663ce3"}
      <span>
        <span>
          Test Child
        </span>
      </span>
    </p>
  </div>
</div>
`;
