// Jest Snapshot v1, https://goo.gl/fbAQLP

exports[`ApplicationErrorAlert renders correctly 1`] = `
<div>
  <div
    class="fade alert test-class alert alert-primary show"
    role="alert"
  >
    <p
      class="d-flex align-items-center"
    >
      This is a mock for "AlertIcon". Props: {"className":"logo"}
      <span>
        <span>
          Test Child
        </span>
      </span>
    </p>
  </div>
</div>
`;
