// Jest Snapshot v1, https://goo.gl/fbAQLP

exports[`RevisionsService purgeRevisions purges the revision history 1`] = `
"Index: test-note
===================================================================
--- test-note
+++ test-note
@@ -0,0 +1,6 @@
+---
+title: new title
+description: new description
+tags: [ "tag1" ]
+---
+new content
"
`;
