// Vitest Snapshot v1, https://vitest.dev/guide/snapshot.html

exports[`Splitter > resize > can change size with mouse 1`] = `
<div>
  <div
    class="flex-fill flex-row d-flex "
  >
    <div
      class="_left_d43a0d"
      id="editor-edit-pane"
      style="width: calc(-5px + (% * nan));"
    >
      <div
        class="_inner_d43a0d"
      >
        left
      </div>
    </div>
    <div
      class="_divider_e4e78e"
      data-testid="splitter-divider"
      id="editor-splitter"
    >
      <div
        class="_middle_e4e78e"
      >
        <div
          class="_buttons_e4e78e"
        >
          <button
            class="btn btn-light"
            type="button"
          >
            BootstrapIconMock_ArrowLeft
          </button>
          <span
            class="_grabber_e4e78e"
          >
            BootstrapIconMock_ArrowLeftRight
          </span>
          <button
            class="btn btn-light"
            type="button"
          >
            BootstrapIconMock_ArrowRight
          </button>
        </div>
      </div>
    </div>
    <div
      class="_right_d43a0d"
      id="editor-view-pane"
      style="width: calc(100% - (% * nan));"
    >
      <div
        class="_inner_d43a0d"
      >
        right
      </div>
    </div>
  </div>
</div>
`;

exports[`Splitter > resize > can change size with touch 1`] = `
<div>
  <div
    class="flex-fill flex-row d-flex "
  >
    <div
      class="_left_d43a0d"
      id="editor-edit-pane"
      style="width: calc(-5px + (% * nan));"
    >
      <div
        class="_inner_d43a0d"
      >
        left
      </div>
    </div>
    <div
      class="_divider_e4e78e"
      data-testid="splitter-divider"
      id="editor-splitter"
    >
      <div
        class="_middle_e4e78e"
      >
        <div
          class="_buttons_e4e78e"
        >
          <button
            class="btn btn-light"
            type="button"
          >
            BootstrapIconMock_ArrowLeft
          </button>
          <span
            class="_grabber_e4e78e"
          >
            BootstrapIconMock_ArrowLeftRight
          </span>
          <button
            class="btn btn-light"
            type="button"
          >
            BootstrapIconMock_ArrowRight
          </button>
        </div>
      </div>
    </div>
    <div
      class="_right_d43a0d"
      id="editor-view-pane"
      style="width: calc(100% - (% * nan));"
    >
      <div
        class="_inner_d43a0d"
      >
        right
      </div>
    </div>
  </div>
</div>
`;

exports[`Splitter > resize > can change size with touch 2`] = `
<div>
  <div
    class="flex-fill flex-row d-flex "
  >
    <div
      class="_left_d43a0d"
      id="editor-edit-pane"
      style="width: calc(-5px + (% * nan));"
    >
      <div
        class="_inner_d43a0d"
      >
        left
      </div>
    </div>
    <div
      class="_divider_e4e78e"
      data-testid="splitter-divider"
      id="editor-splitter"
    >
      <div
        class="_middle_e4e78e"
      >
        <div
          class="_buttons_e4e78e"
        >
          <button
            class="btn btn-light"
            type="button"
          >
            BootstrapIconMock_ArrowLeft
          </button>
          <span
            class="_grabber_e4e78e"
          >
            BootstrapIconMock_ArrowLeftRight
          </span>
          <button
            class="btn btn-light"
            type="button"
          >
            BootstrapIconMock_ArrowRight
          </button>
        </div>
      </div>
    </div>
    <div
      class="_right_d43a0d"
      id="editor-view-pane"
      style="width: calc(100% - (% * nan));"
    >
      <div
        class="_inner_d43a0d"
      >
        right
      </div>
    </div>
  </div>
</div>
`;

exports[`Splitter > resize > can change size with touch 3`] = `
<div>
  <div
    class="flex-fill flex-row d-flex "
  >
    <div
      class="_left_d43a0d"
      id="editor-edit-pane"
      style="width: calc(-5px + (% * nan));"
    >
      <div
        class="_inner_d43a0d"
      >
        left
      </div>
    </div>
    <div
      class="_divider_e4e78e"
      data-testid="splitter-divider"
      id="editor-splitter"
    >
      <div
        class="_middle_e4e78e"
      >
        <div
          class="_buttons_e4e78e"
        >
          <button
            class="btn btn-light"
            type="button"
          >
            BootstrapIconMock_ArrowLeft
          </button>
          <span
            class="_grabber_e4e78e"
          >
            BootstrapIconMock_ArrowLeftRight
          </span>
          <button
            class="btn btn-light"
            type="button"
          >
            BootstrapIconMock_ArrowRight
          </button>
        </div>
      </div>
    </div>
    <div
      class="_right_d43a0d"
      id="editor-view-pane"
      style="width: calc(100% - (% * nan));"
    >
      <div
        class="_inner_d43a0d"
      >
        right
      </div>
    </div>
  </div>
</div>
`;

exports[`Splitter > resize > can change size with touch 4`] = `
<div>
  <div
    class="flex-fill flex-row d-flex "
  >
    <div
      class="_left_d43a0d"
      id="editor-edit-pane"
      style="width: calc(-5px + (% * nan));"
    >
      <div
        class="_inner_d43a0d"
      >
        left
      </div>
    </div>
    <div
      class="_divider_e4e78e"
      data-testid="splitter-divider"
      id="editor-splitter"
    >
      <div
        class="_middle_e4e78e"
      >
        <div
          class="_buttons_e4e78e"
        >
          <button
            class="btn btn-light"
            type="button"
          >
            BootstrapIconMock_ArrowLeft
          </button>
          <span
            class="_grabber_e4e78e"
          >
            BootstrapIconMock_ArrowLeftRight
          </span>
          <button
            class="btn btn-light"
            type="button"
          >
            BootstrapIconMock_ArrowRight
          </button>
        </div>
      </div>
    </div>
    <div
      class="_right_d43a0d"
      id="editor-view-pane"
      style="width: calc(100% - (% * nan));"
    >
      <div
        class="_inner_d43a0d"
      >
        right
      </div>
    </div>
  </div>
</div>
`;
