// Jest Snapshot v1, https://goo.gl/fbAQLP

exports[`TranslatedIconButton renders heart icon with i18nKey 1`] = `
<div>
  <button
    class="btn-icon p-0 d-inline-flex align-items-stretch   btn btn-primary"
    data-testid="icon-button"
    type="button"
  >
    <span
      class="icon-part d-flex align-items-center"
    >
      <i
        class="fa  fa-heart icon "
      />
    </span>
    <span
      class="text-part d-flex align-items-center"
    >
      testi18nKey
    </span>
  </button>
</div>
`;
