// Vitest Snapshot v1, https://vitest.dev/guide/snapshot.html

exports[`app bar > contains alert when editor is not synced 1`] = `
<div>
  <div>
    <span>
      first part
    </span>
    <div />
    <span>
      last part
    </span>
  </div>
</div>
`;

exports[`app bar > contains note title and read-only marker when having only read permissions 1`] = `
<div>
  <div>
    <span>
      first part
    </span>
    <div />
    <span>
      last part
    </span>
  </div>
</div>
`;

exports[`app bar > contains note title when editor is synced 1`] = `
<div>
  <div>
    <span>
      first part
    </span>
    <div />
    <span>
      last part
    </span>
  </div>
</div>
`;
