// Jest Snapshot v1, https://goo.gl/fbAQLP

exports[`motd modal doesn't render a modal if no motd has been fetched 1`] = `
<div>
  <span
    data-testid="loaded not visible"
  />
</div>
`;

exports[`motd modal renders a modal if a motd was fetched and can dismiss it 1`] = `
<div>
  <span>
    This is a mock implementation of a Modal: 
    <dialog>
      <div
        class="modal-body"
      >
        <span
          data-testid="motd-renderer"
        >
          This is a mock implementation of a iframe renderer. Props: 
          {"frameClasses":"w-100","rendererType":"simple","markdownContentLines":["very important mock text!"],"adaptFrameHeightToContent":true,"showWaitSpinner":true}
        </span>
      </div>
      <div
        class="modal-footer"
      >
        <button
          class="btn btn-success"
          data-testid="motd-dismiss"
          type="button"
        >
          common.dismiss
        </button>
      </div>
    </dialog>
  </span>
</div>
`;

exports[`motd modal renders a modal if a motd was fetched and can dismiss it 2`] = `
<div>
  <span>
    This is a mock implementation of a Modal: 
    Modal is invisible
  </span>
</div>
`;
